// Jest Snapshot v1, https://goo.gl/fbAQLP

exports[`renders component correctly 1`] = `
<div>
  <div
    className="Quote-main"
  >
    <div
      className="Quote-left"
    >
      <h2>
        Now is quote time! 
      </h2>
      <img
        alt="Quote magic boy"
        src="magic-quote.jpg"
      />
    </div>
    <div
      className="Quote-right"
    >
      <p>
        <q>
          Without mathematics, there’s nothing you can do. Everything around you is mathematics. Everything around you is numbers.
        </q>
        <span>
          <small>
            — Shakuntala Devi, Indian writer and mental calculator
          </small>
        </span>
      </p>
    </div>
  </div>
  <footer
    className="Footer"
  >
    <p>
      Developer: Husseini Mudi @Microverse Inc
    </p>
  </footer>
</div>
`;
